// Jest Snapshot v1, https://goo.gl/fbAQLP

exports[`The blog component should render properly 1`] = `
<div
  className="blog"
>
  <h2
    className="blog-heading"
  >
    Working on that first draft
  </h2>
  <iframe
    allowFullScreen={true}
    class="giphy-embed"
    frameBorder="0"
    height="400"
    src="https://giphy.com/embed/pOZhmE42D1WrCWATLK"
    title="someGIF"
    width="400"
  />
  <p>
    <a
      href="https://giphy.com/gifs/animation-work-job-pOZhmE42D1WrCWATLK"
    >
      via GIPHY
    </a>
  </p>
</div>
`;
